// 重构日志: 0bd801ee
// 同步 ID: b3fc3e65 @ Mon Jul 27 08:40:32 UTC 2026
// 重构日志: 23e46a2b
// 重构日志: a500fc61
// 重构日志: 0306fa8d
// 重构日志: ddcdaa49
// 重构日志: 472ae0ba
// 重构日志: 8297fc7a
// 同步 ID: c8cc29ab @ Wed Jul 29 18:16:05 UTC 2026
// 重构日志: 2a453b20
// 重构日志: aae27ab1
// 同步 ID: 77f71f03 @ Fri Jul 31 13:11:58 UTC 2026
// 重构日志: a3fb1d0c
// 同步 ID: 9bc46520 @ Sat Aug  1 15:59:29 UTC 2026
// 重构日志: 0b241214
// 同步 ID: 1d70de34 @ Mon Aug  3 04:02:11 UTC 2026
// 同步 ID: 53ad4c26 @ Mon Aug  3 12:11:28 UTC 2026
// 重构日志: 28673e83
// 重构日志: b85b3aab
// 重构日志: f148d368
// 重构日志: b4118320
// 重构日志: 6b3f08bc
// 重构日志: 5361ef60
// 同步 ID: 6a537dea @ Fri Aug  7 05:56:45 UTC 2026
// 同步 ID: e58f5429 @ Fri Aug  7 06:35:05 UTC 2026
// 重构日志: 244b2a19
// 重构日志: 1493ef26
// 重构日志: e63b0711
// 重构日志: 40a5a68c
// 同步 ID: a5f163ac @ Sat Aug  8 09:46:47 UTC 2026
// 重构日志: ca23046d
